// Jest Snapshot v1, https://goo.gl/fbAQLP

exports[`App component renders App 1`] = `
<DocumentFragment>
  <form>
    <input
      id="rock"
      value="rock"
    />
    <input
      id="paper"
      value="paper"
    />
    <input
      id="shears"
      value="shears"
    />
    <button>
      Hit
    </button>
  </form>
</DocumentFragment>
`;
